// Jest Snapshot v1, https://goo.gl/fbAQLP

exports[`Animal Service When a request to create an animal is made should return the correct data 1`] = `""`;
