// Jest Snapshot v1, https://goo.gl/fbAQLP

exports[`Animal Service When a request to delete an animal is made should return the correct data 1`] = `""`;
